// Jest Snapshot v1, https://goo.gl/fbAQLP

exports[`<Square /> matches snapshot 1`] = `
<div
  className="empty-square square"
>
  <span
    className="mark"
  />
</div>
`;
